python.exe : 2026-01-07 12:37:06,475 - __main__ - INFO - \U0001f680 Starting PyMAVLink Service...
At line:1 char:1
+ & "C:/Users/ranab/Desktop/GCS-without-pi/myvenv/Scripts/python.exe" e ...
+ ~~~~~~~~~~~~~~~~~~~~~~~~~~~~~~~~~~~~~~~~~~~~~~~~~~~~~~~~~~~~~~~~~~~~~
    + CategoryInfo          : NotSpecified: (2026-01-07 12:3...Link Service...:String) [], RemoteException
    + FullyQualifiedErrorId : NativeCommandError
 
2026-01-07 12:37:06,475 - __main__ - INFO - \U0001f4e1 Service will listen on http://0.0.0.0:5000
2026-01-07 12:37:06,475 - __main__ - INFO - \U0001f33e Long-range Pi control enabled via MAVLink (commands 42000-42999)
 * Tip: There are .env files present. Install python-dotenv to use them.
 * Serving Flask app 'pymavlink_service'
 * Debug mode: off
2026-01-07 12:37:52,183 - __main__ - INFO - Connecting to Drone 1 on COM4 @ 115200
2026-01-07 12:37:52,258 - __main__ - INFO - Waiting for heartbeat from Drone 1...
2026-01-07 12:37:52,760 - __main__ - INFO -  Drone 1 connected! System 1, Component 0
2026-01-07 12:37:53,350 - __main__ - INFO - \u2705 Data streams requested for Drone 1
2026-01-07 12:37:53,350 - __main__ - INFO - Telemetry loop started for Drone 1
2026-01-07 12:37:53,387 - __main__ - INFO - Connecting to Drone 2 on /dev/ttyUSB1 @ 57600
2026-01-07 12:37:53,388 - __main__ - ERROR - Failed to connect to Drone 2: could not open port '/dev/ttyUSB1': 
FileNotFoundError(2, 'The system cannot find the path specified.', None, 3)
2026-01-07 12:38:03,740 - __main__ - INFO - Drone 1 message stats (last 10s): {'AHRS': 44, 'AHRS2': 44, 'ATTITUDE': 44, 
'GLOBAL_POSITION_INT': 44, 'VFR_HUD': 44}
2026-01-07 12:38:13,955 - __main__ - INFO - Drone 1 message stats (last 10s): {'EKF_STATUS_REPORT': 41, 'LOCAL_POSITION_NED': 
41, 'VIBRATION': 41, 'BATTERY_STATUS': 41, 'HEARTBEAT': 41}
2026-01-07 12:38:24,203 - __main__ - INFO - Drone 1 message stats (last 10s): {'SCALED_IMU2': 42, 'SCALED_PRESSURE': 41, 
'GPS_RAW_INT': 41, 'SYSTEM_TIME': 41, 'WIND': 41}
2026-01-07 12:38:25,331 - __main__ - INFO - Mission sequence:
2026-01-07 12:38:25,331 - __main__ - INFO -   1. Takeoff at current position (23.292223, 85.310652) to 5m
2026-01-07 12:38:25,331 - __main__ - INFO -   2. Navigate to first survey waypoint (23.292100, 85.310596)
2026-01-07 12:38:25,331 - __main__ - INFO -   3. Execute 12 survey waypoints
2026-01-07 12:38:25,331 - __main__ - INFO -   4. Return to Launch (RTL)
2026-01-07 12:38:25,331 - __main__ - INFO -  Uploading 15 waypoints (TAKEOFF + NAV + 12 survey + RTL) to Drone 1
2026-01-07 12:38:25,331 - __main__ - INFO - \U0001f4e5 Clearing existing mission from drone...
2026-01-07 12:38:30,376 - __main__ - WARNING - \u26a0\ufe0f Could not confirm mission clear, but continuing...
2026-01-07 12:38:30,676 - __main__ - INFO - \u23f8\ufe0f  Pausing telemetry loop to avoid message conflicts during upload...
2026-01-07 12:38:30,877 - __main__ - INFO - \U0001f4e5 Draining message buffer before waypoint upload...
2026-01-07 12:38:30,885 - __main__ - INFO - \U0001f4e4 Mission count sent: 15 waypoints (TAKEOFF at WP0=22)
2026-01-07 12:38:31,391 - __main__ - INFO -   TAKEOFF 1/15 uploaded
2026-01-07 12:38:31,442 - __main__ - INFO -   WAYPOINT 2/15 uploaded
2026-01-07 12:38:31,494 - __main__ - INFO -   WAYPOINT 3/15 uploaded
2026-01-07 12:38:31,546 - __main__ - INFO -   WAYPOINT 4/15 uploaded
2026-01-07 12:38:31,597 - __main__ - INFO -   WAYPOINT 5/15 uploaded
2026-01-07 12:38:31,649 - __main__ - INFO -   WAYPOINT 6/15 uploaded
2026-01-07 12:38:31,700 - __main__ - INFO -   WAYPOINT 7/15 uploaded
2026-01-07 12:38:31,752 - __main__ - INFO -   WAYPOINT 8/15 uploaded
2026-01-07 12:38:31,804 - __main__ - INFO -   WAYPOINT 9/15 uploaded
2026-01-07 12:38:31,856 - __main__ - INFO -   WAYPOINT 10/15 uploaded
2026-01-07 12:38:31,907 - __main__ - INFO -   WAYPOINT 11/15 uploaded
2026-01-07 12:38:31,959 - __main__ - INFO -   WAYPOINT 12/15 uploaded
2026-01-07 12:38:32,010 - __main__ - INFO -   WAYPOINT 13/15 uploaded
2026-01-07 12:38:32,062 - __main__ - INFO -   WAYPOINT 14/15 uploaded
2026-01-07 12:38:32,114 - __main__ - INFO -   RTL 15/15 uploaded
2026-01-07 12:38:32,164 - __main__ - INFO - \u23f3 Waiting for mission ACK from Drone 1...
2026-01-07 12:38:32,165 - __main__ - INFO - \u2705 Mission ACK received - all 15 waypoints accepted
2026-01-07 12:38:32,165 - __main__ - INFO - \u2705 Mission uploaded successfully to Drone 1
2026-01-07 12:38:32,165 - __main__ - INFO - \u25b6\ufe0f  Resuming telemetry loop...
2026-01-07 12:38:32,182 - __main__ - INFO - Pre-arm check: GPS=4 (25 sats), HDOP=0.55, Battery=15.8V, Mode=GUIDED
2026-01-07 12:38:33,216 - __main__ - WARNING -   Arm verification attempt 1 failed for Drone 1, retrying...
2026-01-07 12:38:34,227 - __main__ - INFO - Drone 1 message stats (last 10s): {'SCALED_PRESSURE': 26, 'GPS_RAW_INT': 27, 
'SYSTEM_TIME': 27, 'WIND': 26, 'TERRAIN_REPORT': 26}
2026-01-07 12:38:34,730 - __main__ - WARNING -   Arm verification attempt 2 failed for Drone 1, retrying...
2026-01-07 12:38:36,244 - __main__ - ERROR - \u274c Failed to ARM Drone 1
2026-01-07 12:38:36,245 - __main__ - ERROR -    GPS: 4 fix, 25 satellites, HDOP: 0.55
2026-01-07 12:38:36,245 - __main__ - ERROR -    Battery: 15.8V
2026-01-07 12:38:36,245 - __main__ - ERROR -    Mode: GUIDED
2026-01-07 12:38:36,245 - __main__ - ERROR -    Common causes: Bad GPS, HIGH HDOP, low battery, wrong mode, safety switch, 
compass cal
2026-01-07 12:38:36,245 - __main__ - ERROR -    STATUSTEXT [6]: Flight plan received
2026-01-07 12:38:43,722 - __main__ - INFO - Mission sequence:
2026-01-07 12:38:43,722 - __main__ - INFO -   1. Takeoff at current position (23.292217, 85.310656) to 5m
2026-01-07 12:38:43,722 - __main__ - INFO -   2. Navigate to first survey waypoint (23.292100, 85.310596)
2026-01-07 12:38:43,722 - __main__ - INFO -   3. Execute 12 survey waypoints
2026-01-07 12:38:43,723 - __main__ - INFO -   4. Return to Launch (RTL)
2026-01-07 12:38:43,723 - __main__ - INFO -  Uploading 15 waypoints (TAKEOFF + NAV + 12 survey + RTL) to Drone 1
2026-01-07 12:38:43,723 - __main__ - INFO - \U0001f4e5 Clearing existing mission from drone...
2026-01-07 12:38:44,421 - __main__ - INFO - Drone 1 message stats (last 10s): {'AHRS2': 36, 'ATTITUDE': 36, 
'GLOBAL_POSITION_INT': 36, 'VFR_HUD': 36, 'SYS_STATUS': 36}
2026-01-07 12:38:48,832 - __main__ - WARNING - \u26a0\ufe0f Could not confirm mission clear, but continuing...
2026-01-07 12:38:49,133 - __main__ - INFO - \u23f8\ufe0f  Pausing telemetry loop to avoid message conflicts during upload...
2026-01-07 12:38:49,334 - __main__ - INFO - \U0001f4e5 Draining message buffer before waypoint upload...
2026-01-07 12:38:49,344 - __main__ - INFO - \U0001f4e4 Mission count sent: 15 waypoints (TAKEOFF at WP0=22)
2026-01-07 12:38:50,852 - __main__ - INFO -   TAKEOFF 1/15 uploaded
2026-01-07 12:38:50,903 - __main__ - INFO -   WAYPOINT 2/15 uploaded
2026-01-07 12:38:50,955 - __main__ - INFO -   WAYPOINT 3/15 uploaded
2026-01-07 12:38:51,006 - __main__ - INFO -   WAYPOINT 4/15 uploaded
2026-01-07 12:38:51,057 - __main__ - INFO -   WAYPOINT 5/15 uploaded
2026-01-07 12:38:51,109 - __main__ - INFO -   WAYPOINT 6/15 uploaded
2026-01-07 12:38:51,160 - __main__ - INFO -   WAYPOINT 7/15 uploaded
2026-01-07 12:38:51,719 - __main__ - INFO -   WAYPOINT 8/15 uploaded
2026-01-07 12:38:51,771 - __main__ - INFO -   WAYPOINT 9/15 uploaded
2026-01-07 12:38:52,323 - __main__ - INFO -   WAYPOINT 10/15 uploaded
2026-01-07 12:38:52,376 - __main__ - INFO -   WAYPOINT 11/15 uploaded
2026-01-07 12:38:52,427 - __main__ - INFO -   WAYPOINT 12/15 uploaded
2026-01-07 12:38:52,478 - __main__ - INFO -   WAYPOINT 13/15 uploaded
2026-01-07 12:38:52,532 - __main__ - INFO -   WAYPOINT 14/15 uploaded
2026-01-07 12:38:52,583 - __main__ - INFO -   RTL 15/15 uploaded
2026-01-07 12:38:52,634 - __main__ - INFO - \u23f3 Waiting for mission ACK from Drone 1...
2026-01-07 12:38:52,635 - __main__ - INFO - \u2705 Mission ACK received - all 15 waypoints accepted
2026-01-07 12:38:52,635 - __main__ - INFO - \u2705 Mission uploaded successfully to Drone 1
2026-01-07 12:38:52,635 - __main__ - INFO - \u25b6\ufe0f  Resuming telemetry loop...
2026-01-07 12:38:52,660 - __main__ - INFO - Pre-arm check: GPS=4 (27 sats), HDOP=0.57, Battery=15.8V, Mode=GUIDED
2026-01-07 12:38:53,709 - __main__ - WARNING -   Arm verification attempt 1 failed for Drone 1, retrying...
2026-01-07 12:38:54,704 - __main__ - INFO - Drone 1 message stats (last 10s): {'RAW_IMU': 6, 'SCALED_IMU2': 6, 
'SCALED_PRESSURE': 7, 'GPS_RAW_INT': 8, 'SYSTEM_TIME': 8}
2026-01-07 12:38:54,720 - __main__ - INFO - [2] Drone 1 STATUSTEXT: Arm: Yaw (RC4) is not neutral
2026-01-07 12:38:55,249 - __main__ - WARNING -   Arm verification attempt 2 failed for Drone 1, retrying...
2026-01-07 12:38:56,248 - __main__ - INFO - [2] Drone 1 STATUSTEXT: Arm: Yaw (RC4) is not neutral
2026-01-07 12:38:56,766 - __main__ - ERROR - \u274c Failed to ARM Drone 1
2026-01-07 12:38:56,766 - __main__ - ERROR -    GPS: 4 fix, 27 satellites, HDOP: 0.57
2026-01-07 12:38:56,766 - __main__ - ERROR -    Battery: 15.8V
2026-01-07 12:38:56,767 - __main__ - ERROR -    Mode: GUIDED
2026-01-07 12:38:56,767 - __main__ - ERROR -    Common causes: Bad GPS, HIGH HDOP, low battery, wrong mode, safety switch, 
compass cal
2026-01-07 12:38:56,767 - __main__ - ERROR -    STATUSTEXT [6]: Flight plan received
2026-01-07 12:38:56,767 - __main__ - ERROR -    STATUSTEXT [6]: Flight plan received
2026-01-07 12:38:56,767 - __main__ - ERROR -    STATUSTEXT [2]: Arm: Yaw (RC4) is not neutral
2026-01-07 12:38:56,767 - __main__ - ERROR -    STATUSTEXT [2]: Arm: Yaw (RC4) is not neutral
2026-01-07 12:39:04,919 - __main__ - INFO - Drone 1 message stats (last 10s): {'ATTITUDE': 38, 'GLOBAL_POSITION_INT': 38, 
'VFR_HUD': 38, 'SYS_STATUS': 38, 'POWER_STATUS': 38}
2026-01-07 12:39:07,984 - __main__ - INFO - Telemetry loop stopped for Drone 1
2026-01-07 12:39:07,985 - __main__ - INFO - Drone 1 disconnected
2026-01-07 12:39:11,244 - __main__ - INFO - Drone 1 disconnected
2026-01-07 12:39:11,244 - __main__ - INFO - Connecting to Drone 1 on COM4 @ 115200
2026-01-07 12:39:11,256 - __main__ - INFO - Waiting for heartbeat from Drone 1...
2026-01-07 12:39:11,758 - __main__ - INFO -  Drone 1 connected! System 1, Component 0
2026-01-07 12:39:12,318 - __main__ - INFO - \u2705 Data streams requested for Drone 1
2026-01-07 12:39:12,319 - __main__ - INFO - Telemetry loop started for Drone 1
2026-01-07 12:39:12,328 - __main__ - INFO - Connecting to Drone 2 on /dev/ttyUSB1 @ 57600
2026-01-07 12:39:12,330 - __main__ - ERROR - Failed to connect to Drone 2: could not open port '/dev/ttyUSB1': 
FileNotFoundError(2, 'The system cannot find the path specified.', None, 3)
2026-01-07 12:39:22,546 - __main__ - INFO - Drone 1 message stats (last 10s): {'PARAM_VALUE': 1, 'AHRS': 43, 'AHRS2': 43, 
'ATTITUDE': 43, 'GLOBAL_POSITION_INT': 43}
2026-01-07 12:39:32,903 - __main__ - INFO - Drone 1 message stats (last 10s): {'LOCAL_POSITION_NED': 42, 'VIBRATION': 42, 
'BATTERY_STATUS': 42, 'HEARTBEAT': 42, 'AHRS': 42}
2026-01-07 12:39:43,151 - __main__ - INFO - Drone 1 message stats (last 10s): {'AHRS2': 41, 'ATTITUDE': 41, 
'GLOBAL_POSITION_INT': 41, 'VFR_HUD': 41, 'SYS_STATUS': 41}
2026-01-07 12:39:47,378 - __main__ - INFO - Mission sequence:
2026-01-07 12:39:47,378 - __main__ - INFO -   1. Takeoff at current position (23.292217, 85.310653) to 5m
2026-01-07 12:39:47,378 - __main__ - INFO -   2. Navigate to first survey waypoint (23.292100, 85.310596)
2026-01-07 12:39:47,378 - __main__ - INFO -   3. Execute 12 survey waypoints
2026-01-07 12:39:47,379 - __main__ - INFO -   4. Return to Launch (RTL)
2026-01-07 12:39:47,379 - __main__ - INFO -  Uploading 15 waypoints (TAKEOFF + NAV + 12 survey + RTL) to Drone 1
2026-01-07 12:39:47,379 - __main__ - INFO - \U0001f4e5 Clearing existing mission from drone...
2026-01-07 12:39:52,394 - __main__ - WARNING - \u26a0\ufe0f Could not confirm mission clear, but continuing...
2026-01-07 12:39:52,695 - __main__ - INFO - \u23f8\ufe0f  Pausing telemetry loop to avoid message conflicts during upload...
2026-01-07 12:39:52,895 - __main__ - INFO - \U0001f4e5 Draining message buffer before waypoint upload...
2026-01-07 12:39:52,908 - __main__ - INFO - \U0001f4e4 Mission count sent: 15 waypoints (TAKEOFF at WP0=22)
2026-01-07 12:39:53,410 - __main__ - INFO -   TAKEOFF 1/15 uploaded
2026-01-07 12:39:53,462 - __main__ - INFO -   WAYPOINT 2/15 uploaded
2026-01-07 12:39:53,514 - __main__ - INFO -   WAYPOINT 3/15 uploaded
2026-01-07 12:39:53,566 - __main__ - INFO -   WAYPOINT 4/15 uploaded
2026-01-07 12:39:53,617 - __main__ - INFO -   WAYPOINT 5/15 uploaded
2026-01-07 12:39:53,669 - __main__ - INFO -   WAYPOINT 6/15 uploaded
2026-01-07 12:39:54,224 - __main__ - INFO -   WAYPOINT 7/15 uploaded
2026-01-07 12:39:54,276 - __main__ - INFO -   WAYPOINT 8/15 uploaded
2026-01-07 12:39:54,328 - __main__ - INFO -   WAYPOINT 9/15 uploaded
2026-01-07 12:39:54,380 - __main__ - INFO -   WAYPOINT 10/15 uploaded
2026-01-07 12:39:54,433 - __main__ - INFO -   WAYPOINT 11/15 uploaded
2026-01-07 12:39:54,484 - __main__ - INFO -   WAYPOINT 12/15 uploaded
2026-01-07 12:39:54,536 - __main__ - INFO -   WAYPOINT 13/15 uploaded
2026-01-07 12:39:54,587 - __main__ - INFO -   WAYPOINT 14/15 uploaded
2026-01-07 12:39:54,638 - __main__ - INFO -   RTL 15/15 uploaded
2026-01-07 12:39:54,689 - __main__ - INFO - \u23f3 Waiting for mission ACK from Drone 1...
2026-01-07 12:39:55,193 - __main__ - INFO - \u2705 Mission ACK received - all 15 waypoints accepted
2026-01-07 12:39:55,193 - __main__ - INFO - \u2705 Mission uploaded successfully to Drone 1
2026-01-07 12:39:55,195 - __main__ - INFO - \u25b6\ufe0f  Resuming telemetry loop...
2026-01-07 12:39:55,205 - __main__ - INFO - Drone 1 message stats (last 10s): {'AHRS2': 39, 'ATTITUDE': 39, 
'GLOBAL_POSITION_INT': 39, 'VFR_HUD': 39, 'SYS_STATUS': 39}
2026-01-07 12:39:55,214 - __main__ - INFO - Pre-arm check: GPS=4 (26 sats), HDOP=0.54, Battery=15.8V, Mode=GUIDED
2026-01-07 12:39:55,935 - __main__ - INFO -  Drone 1 armed successfully
2026-01-07 12:39:59,253 - __main__ - INFO - \U0001f4cb Current mode: GUIDED
